[    0.000000] Initializing cgroup subsys cpuset
[    0.000000] Initializing cgroup subsys cpu
[    0.000000] Initializing cgroup subsys cpuacct
[    0.000000] Linux version 4.4.0-210-generic (buildd@lgw01-amd64-037) (gcc version 5.4.0 20160609 (Ubuntu 5.4.0-6ubuntu1~16.04.12) ) #242-Ubuntu SMP Fri Apr 16 09:57:00 UTC 2021 (Ubuntu 4.4.0-210.242-generic 4.4.262)
[    0.000000] KERNEL supported cpus:
[    0.000000]   Intel GenuineIntel
[    0.000000]   AMD AuthenticAMD
[    0.000000]   NSC Geode by NSC
[    0.000000]   Cyrix CyrixInstead
[    0.000000]   Centaur CentaurHauls
[    0.000000]   Transmeta GenuineTMx86
[    0.000000]   Transmeta TransmetaCPU
[    0.000000]   UMC UMC UMC UMC
[    0.000000] x86/fpu: Legacy x87 FPU detected.
[    0.000000] e820: BIOS-provided physical RAM map:
[    0.000000] BIOS-e820: [mem 0x0000000000000000-0x000000000009fbff] usable
[    0.000000] BIOS-e820: [mem 0x000000000009fc00-0x000000000009ffff] reserved
[    0.000000] BIOS-e820: [mem 0x00000000000f0000-0x00000000000fffff] reserved
[    0.000000] BIOS-e820: [mem 0x0000000000100000-0x000000003ffeffff] usable
[    0.000000] BIOS-e820: [mem 0x000000003fff0000-0x000000003fffffff] ACPI data
[    0.000000] BIOS-e820: [mem 0x00000000fec00000-0x00000000fec00fff] reserved
[    0.000000] BIOS-e820: [mem 0x00000000fee00000-0x00000000fee00fff] reserved
[    0.000000] BIOS-e820: [mem 0x00000000fffc0000-0x00000000ffffffff] reserved
[    0.000000] NX (Execute Disable) protection: active
[    0.000000] SMBIOS 2.5 present.
[    0.000000] Hypervisor detected: KVM
[    0.000000] e820: last_pfn = 0x3fff0 max_arch_pfn = 0x1000000
[    0.000000] MTRR: Disabled
[    0.000000] x86/PAT: MTRRs disabled, skipping PAT initialization too.
[    0.000000] CPU MTRRs all blank - virtualized system.
[    0.000000] x86/PAT: Configuration [0-7]: WB  WT  UC- UC  WB  WT  UC- UC  
[    0.000000] found SMP MP-table at [mem 0x0009fff0-0x0009ffff] mapped at [c009fff0]
[    0.000000] Scanning 1 areas for low memory corruption
[    0.000000] RAMDISK: [mem 0x363aa000-0x371ccfff]
[    0.000000] ACPI: Early table checksum verification disabled
[    0.000000] ACPI: RSDP 0x00000000000E0000 000024 (v02 VBOX  )
[    0.000000] ACPI: XSDT 0x000000003FFF0030 00003C (v01 VBOX   VBOXXSDT 00000001 ASL  00000061)
[    0.000000] ACPI: FACP 0x000000003FFF00F0 0000F4 (v04 VBOX   VBOXFACP 00000001 ASL  00000061)
[    0.000000] ACPI: DSDT 0x000000003FFF0470 002325 (v02 VBOX   VBOXBIOS 00000002 INTL 20100528)
[    0.000000] ACPI: FACS 0x000000003FFF0200 000040
[    0.000000] ACPI: FACS 0x000000003FFF0200 000040
[    0.000000] ACPI: APIC 0x000000003FFF0240 00005C (v02 VBOX   VBOXAPIC 00000001 ASL  00000061)
[    0.000000] ACPI: SSDT 0x000000003FFF02A0 0001CC (v01 VBOX   VBOXCPUT 00000002 INTL 20100528)
[    0.000000] 131MB HIGHMEM available.
[    0.000000] 891MB LOWMEM available.
[    0.000000]   mapped low ram: 0 - 37bfe000
[    0.000000]   low ram: 0 - 37bfe000
[    0.000000] kvm-clock: Using msrs 4b564d01 and 4b564d00
[    0.000000] kvm-clock: cpu 0, msr 0:37bfd001, primary cpu clock
[    0.000000] kvm-clock: using sched offset of 11049003860 cycles
[    0.000000] clocksource: kvm-clock: mask: 0xffffffffffffffff max_cycles: 0x1cd42e4dffb, max_idle_ns: 881590591483 ns
[    0.000000] Zone ranges:
[    0.000000]   DMA      [mem 0x0000000000001000-0x0000000000ffffff]
[    0.000000]   Normal   [mem 0x0000000001000000-0x0000000037bfdfff]
[    0.000000]   HighMem  [mem 0x0000000037bfe000-0x000000003ffeffff]
[    0.000000] Movable zone start for each node
[    0.000000] Early memory node ranges
[    0.000000]   node   0: [mem 0x0000000000001000-0x000000000009efff]
[    0.000000]   node   0: [mem 0x0000000000100000-0x000000003ffeffff]
[    0.000000] Initmem setup node 0 [mem 0x0000000000001000-0x000000003ffeffff]
[    0.000000] Using APIC driver default
[    0.000000] ACPI: PM-Timer IO Port: 0x4008
[    0.000000] IOAPIC[0]: apic_id 2, version 32, address 0xfec00000, GSI 0-23
[    0.000000] ACPI: INT_SRC_OVR (bus 0 bus_irq 0 global_irq 2 dfl dfl)
[    0.000000] ACPI: INT_SRC_OVR (bus 0 bus_irq 9 global_irq 9 low level)
[    0.000000] Using ACPI (MADT) for SMP configuration information
[    0.000000] smpboot: Allowing 2 CPUs, 0 hotplug CPUs
[    0.000000] PM: Registered nosave memory: [mem 0x00000000-0x00000fff]
[    0.000000] PM: Registered nosave memory: [mem 0x0009f000-0x0009ffff]
[    0.000000] PM: Registered nosave memory: [mem 0x000a0000-0x000effff]
[    0.000000] PM: Registered nosave memory: [mem 0x000f0000-0x000fffff]
[    0.000000] e820: [mem 0x40000000-0xfebfffff] available for PCI devices
[    0.000000] Booting paravirtualized kernel on KVM
[    0.000000] clocksource: refined-jiffies: mask: 0xffffffff max_cycles: 0xffffffff, max_idle_ns: 7645519600211568 ns
[    0.000000] setup_percpu: NR_CPUS:8 nr_cpumask_bits:8 nr_cpu_ids:2 nr_node_ids:1
[    0.000000] PERCPU: Embedded 18 pages/cpu @f6386000 s42956 r0 d30772 u73728
[    0.000000] Built 1 zonelists in Zone order, mobility grouping on.  Total pages: 259800
[    0.000000] Kernel command line: BOOT_IMAGE=/boot/vmlinuz-4.4.0-210-generic root=UUID=555f3242-733f-40f6-af0e-8e2853d629b8 ro console=tty1 console=ttyS0
[    0.000000] PID hash table entries: 4096 (order: 2, 16384 bytes)
[    0.000000] Dentry cache hash table entries: 131072 (order: 7, 524288 bytes)
[    0.000000] Inode-cache hash table entries: 65536 (order: 6, 262144 bytes)
[    0.000000] Initializing CPU#0
[    0.000000] Initializing HighMem for node 0 (00037bfe:0003fff0)
[    0.000000] Initializing Movable for node 0 (00000000:00000000)
[    0.000000] Memory: 1008276K/1048120K available (8151K kernel code, 787K rwdata, 3216K rodata, 944K init, 724K bss, 39844K reserved, 0K cma-reserved, 135112K highmem)
[    0.000000] virtual kernel memory layout:
[    0.000000]     fixmap  : 0xfff15000 - 0xfffff000   ( 936 kB)
[    0.000000]     pkmap   : 0xffc00000 - 0xffe00000   (2048 kB)
[    0.000000]     vmalloc : 0xf83fe000 - 0xffbfe000   ( 120 MB)
[    0.000000]     lowmem  : 0xc0000000 - 0xf7bfe000   ( 891 MB)
[    0.000000]       .init : 0xc1be2000 - 0xc1cce000   ( 944 kB)
[    0.000000]       .data : 0xc17f61b8 - 0xc1be0d40   (4010 kB)
[    0.000000]       .text : 0xc1000000 - 0xc17f61b8   (8152 kB)
[    0.000000] Checking if this processor honours the WP bit even in supervisor mode...Ok.
[    0.000000] SLUB: HWalign=64, Order=0-3, MinObjects=0, CPUs=2, Nodes=1
[    0.000000] Hierarchical RCU implementation.
[    0.000000] 	Build-time adjustment of leaf fanout to 32.
[    0.000000] 	RCU restricting CPUs from NR_CPUS=8 to nr_cpu_ids=2.
[    0.000000] RCU: Adjusting geometry for rcu_fanout_leaf=32, nr_cpu_ids=2
[    0.000000] NR_IRQS:2304 nr_irqs:440 16
[    0.000000] Console: colour VGA+ 80x25
[    0.000000] console [tty1] enabled
[    0.000000] console [ttyS0] enabled
[    0.000000] allocated 1048576 bytes of page_ext
[    0.000000] tsc: Detected 2294.688 MHz processor
[    1.678643] Calibrating delay loop (skipped) preset value.. 4589.37 BogoMIPS (lpj=9178752)
[    1.696704] pid_max: default: 32768 minimum: 301
[    1.706999] ACPI: Core revision 20150930
[    1.716703] ACPI: 2 ACPI AML tables successfully acquired and loaded
[    1.733277] Security Framework initialized
[    1.742175] Yama: becoming mindful.
[    1.760071] AppArmor: AppArmor initialized
[    1.768912] Mount-cache hash table entries: 2048 (order: 1, 8192 bytes)
[    1.791701] Mountpoint-cache hash table entries: 2048 (order: 1, 8192 bytes)
[    1.807347] Initializing cgroup subsys io
[    1.816362] Initializing cgroup subsys memory
[    1.825450] Initializing cgroup subsys devices
[    1.835486] Initializing cgroup subsys freezer
[    1.844892] Initializing cgroup subsys net_cls
[    1.854830] Initializing cgroup subsys perf_event
[    1.865190] Initializing cgroup subsys net_prio
[    1.874897] Initializing cgroup subsys hugetlb
[    1.893637] Initializing cgroup subsys pids
[    1.905102] mce: CPU supports 0 MCE banks
[    1.914474] Last level iTLB entries: 4KB 1024, 2MB 1024, 4MB 1024
[    1.927511] Last level dTLB entries: 4KB 1024, 2MB 1024, 4MB 1024, 1GB 4
[    1.943304] Spectre V1 : Mitigation: usercopy/swapgs barriers and __user pointer sanitization
[    1.963611] Spectre V2 : Mitigation: Full generic retpoline
[    1.976565] Spectre V2 : Spectre v2 / SpectreRSB mitigation: Filling RSB on context switch
[    1.994355] Speculative Store Bypass: Vulnerable
[    2.006557] MDS: Mitigation: Clear CPU buffers
[    2.122514] Freeing SMP alternatives memory: 36K
[    2.272940] ftrace: allocating 31668 entries in 62 pages
[    3.321096] smpboot: APIC(0) Converting physical 0 to logical package 0
[    3.334336] smpboot: Max logical packages: 1
[    3.344634] Enabling APIC mode:  Flat.  Using 1 I/O APICs
[    3.406710] ..TIMER: vector=0x30 apic1=0 pin1=2 apic2=-1 pin2=-1
[    3.528841] smpboot: CPU0: Intel(R) Core(TM) i5-4200U CPU @ 1.60GHz (family: 0x6, model: 0x45, stepping: 0x1)
[    3.553524] Performance Events: unsupported p6 CPU model 69 no PMU driver, software events only.
[    3.747010] KVM setup paravirtual spinlock
[    3.759540] x86: Booting SMP configuration:
[    3.769249] .... node  #0, CPUs:      #1
[1266874878.660547] Initializing CPU#1
[    3.789445] kvm-clock: cpu 1, msr 0:37bfd041, secondary cpu clock
[    3.801924] mce: CPU supports 0 MCE banks
[    3.808598] TSC synchronization [CPU#0 -> CPU#1]:
[    3.820885] Measured 444403 cycles TSC warp between CPUs, turning off TSC clock.
[    3.836030] tsc: Marking TSC unstable due to check_tsc_sync_source failed
[    0.789684] x86: Booted up 1 node, 2 CPUs
[    0.792009] smpboot: Total of 2 processors activated (9178.75 BogoMIPS)
[    0.808204] devtmpfs: initialized
[    0.812456] evm: security.selinux
[    0.816013] evm: security.SMACK64
[    0.820018] evm: security.SMACK64EXEC
[    0.824006] evm: security.SMACK64TRANSMUTE
[    0.828008] evm: security.SMACK64MMAP
[    0.832007] evm: security.ima
[    0.836007] evm: security.capability
[    0.844451] clocksource: jiffies: mask: 0xffffffff max_cycles: 0xffffffff, max_idle_ns: 7645041785100000 ns
[    0.848020] futex hash table entries: 512 (order: 3, 32768 bytes)
[    0.852649] pinctrl core: initialized pinctrl subsystem
[    0.860662] RTC time: 17:53:50, date: 05/24/21
[    0.868273] NET: Registered protocol family 16
[    0.872493] EISA bus registered
[    0.888014] cpuidle: using governor ladder
[    0.904014] cpuidle: using governor menu
[    0.908256] PCCT header not found.
[    0.916133] ACPI: bus type PCI registered
[    0.920009] acpiphp: ACPI Hot Plug PCI Controller Driver version: 0.5
[    0.928009] PCI : PCI BIOS area is rw and x. Use pci=nobios if you want it NX.
[    0.932009] PCI: PCI BIOS revision 2.10 entry at 0xfda26, last bus=0
[    0.936007] PCI: Using configuration type 1 for base access
[    0.972869] ACPI: Added _OSI(Module Device)
[    0.976008] ACPI: Added _OSI(Processor Device)
[    0.980008] ACPI: Added _OSI(3.0 _SCP Extensions)
[    0.984011] ACPI: Added _OSI(Processor Aggregator Device)
[    0.990342] ACPI: Executed 1 blocks of module-level executable AML code
[    1.008122] ACPI: Interpreter enabled
[    1.012029] ACPI: (supports S0 S5)
[    1.016007] ACPI: Using IOAPIC for interrupt routing
[    1.020884] PCI: Using host bridge windows from ACPI; if necessary, use "pci=nocrs" and report a bug
[    1.040910] ACPI: PCI Root Bridge [PCI0] (domain 0000 [bus 00-ff])
[    1.044015] acpi PNP0A03:00: _OSC: OS supports [ASPM ClockPM Segments MSI]
[    1.049012] acpi PNP0A03:00: _OSC: not requesting OS control; OS requires [ExtendedConfig ASPM ClockPM MSI]
[    1.052012] acpi PNP0A03:00: fail to add MMCONFIG information, can't access extended PCI configuration space under this bridge.
[    1.057280] PCI host bridge to bus 0000:00
[    1.060011] pci_bus 0000:00: root bus resource [io  0x0000-0x0cf7 window]
[    1.064011] pci_bus 0000:00: root bus resource [io  0x0d00-0xffff window]
[    1.068013] pci_bus 0000:00: root bus resource [mem 0x000a0000-0x000bffff window]
[    1.072010] pci_bus 0000:00: root bus resource [mem 0x40000000-0xfdffffff window]
[    1.076016] pci_bus 0000:00: root bus resource [bus 00-ff]
[    1.095118] pci 0000:00:01.1: legacy IDE quirk: reg 0x10: [io  0x01f0-0x01f7]
[    1.096009] pci 0000:00:01.1: legacy IDE quirk: reg 0x14: [io  0x03f6]
[    1.100010] pci 0000:00:01.1: legacy IDE quirk: reg 0x18: [io  0x0170-0x0177]
[    1.104009] pci 0000:00:01.1: legacy IDE quirk: reg 0x1c: [io  0x0376]
[    1.185701] pci 0000:00:07.0: quirk: [io  0x4000-0x403f] claimed by PIIX4 ACPI
[    1.188104] pci 0000:00:07.0: quirk: [io  0x4100-0x410f] claimed by PIIX4 SMB
[    1.213303] ACPI: PCI Interrupt Link [LNKA] (IRQs 5 9 10 *11)
[    1.237082] ACPI: PCI Interrupt Link [LNKB] (IRQs 5 9 *10 11)
[    1.296328] ACPI: PCI Interrupt Link [LNKC] (IRQs 5 *9 10 11)
[    1.352458] ACPI: PCI Interrupt Link [LNKD] (IRQs 5 9 10 *11)
[    1.416674] ACPI: Enabled 2 GPEs in block 00 to 07
[    1.452593] vgaarb: setting as boot device: PCI:0000:00:02.0
[    1.456000] vgaarb: device added: PCI:0000:00:02.0,decodes=io+mem,owns=io+mem,locks=none
[    1.528010] vgaarb: loaded
[    1.540006] vgaarb: bridge control possible 0000:00:02.0
[    1.565364] SCSI subsystem initialized
[    1.588346] ACPI: bus type USB registered
[    1.608035] usbcore: registered new interface driver usbfs
[    1.648031] usbcore: registered new interface driver hub
[    1.676030] usbcore: registered new device driver usb
[    1.704425] PCI: Using ACPI for IRQ routing
[    1.728144] NetLabel: Initializing
[    1.748006] NetLabel:  domain hash size = 128
[    1.776013] NetLabel:  protocols = UNLABELED CIPSOv4
[    1.804033] NetLabel:  unlabeled traffic allowed by default
[    1.828173] amd_nb: Cannot enumerate AMD northbridges
[    1.853747] clocksource: Switched to clocksource kvm-clock
[    1.925970] AppArmor: AppArmor Filesystem Enabled
[    1.925970] pnp: PnP ACPI init
[    1.925970] pnp: PnP ACPI: found 3 devices
[    1.925970] PnPBIOS: Disabled by ACPI PNP
[    2.129553] clocksource: acpi_pm: mask: 0xffffff max_cycles: 0xffffff, max_idle_ns: 2085701024 ns
[    2.150935] NET: Registered protocol family 2
[    2.162137] TCP established hash table entries: 8192 (order: 3, 32768 bytes)
[    2.176444] TCP bind hash table entries: 8192 (order: 4, 65536 bytes)
[    2.190259] TCP: Hash tables configured (established 8192 bind 8192)
[    2.203833] UDP hash table entries: 512 (order: 2, 16384 bytes)
[    2.216586] UDP-Lite hash table entries: 512 (order: 2, 16384 bytes)
[    2.230068] NET: Registered protocol family 1
[    2.239636] pci 0000:00:00.0: Limiting direct PCI/PCI transfers
[    2.252402] pci 0000:00:01.0: Activating ISA DMA hang workarounds
[    2.266335] Unpacking initramfs...
[    2.926764] Freeing initrd memory: 14476K
[    2.937524] RAPL PMU detected, API unit is 2^-32 Joules, 4 fixed counters 10737418240 ms ovfl timer
[    2.959165] hw unit of domain pp0-core 2^-0 Joules
[    2.969760] hw unit of domain package 2^-0 Joules
[    2.981928] hw unit of domain dram 2^-0 Joules
[    2.992732] hw unit of domain pp1-gpu 2^-0 Joules
[    3.004914] clocksource: tsc: mask: 0xffffffffffffffff max_cycles: 0x21139aef754, max_idle_ns: 440795211890 ns
[    3.027399] platform rtc_cmos: registered platform RTC device (no PNP device found)
[    3.043948] Scanning for low memory corruption every 60 seconds
[    3.061995] audit: initializing netlink subsys (disabled)
[    3.074854] audit: type=2000 audit(1621878842.726:1): initialized
[    3.089256] Initialise system trusted keyring
[    3.099386] HugeTLB registered 2 MB page size, pre-allocated 0 pages
[    3.116859] zbud: loaded
[    3.123508] VFS: Disk quotas dquot_6.6.0
[    3.133760] VFS: Dquot-cache hash table entries: 1024 (order 0, 4096 bytes)
[    3.150128] squashfs: version 4.0 (2009/01/31) Phillip Lougher
[    3.163779] fuse init (API version 7.23)
[    3.175064] Key type big_key registered
[    3.184053] Allocating IMA MOK and blacklist keyrings.
[    3.215746] Key type asymmetric registered
[    3.226118] Asymmetric key parser 'x509' registered
[    3.236998] bounce: pool size: 64 pages
[    3.247843] Block layer SCSI generic (bsg) driver version 0.4 loaded (major 249)
[    3.265838] io scheduler noop registered
[    3.285803] io scheduler deadline registered (default)
[    3.298138] io scheduler cfq registered
[    3.318174] pci_hotplug: PCI Hot Plug PCI Core version: 0.5
[    3.333000] pciehp: PCI Express Hot Plug Controller Driver version: 0.4
[    3.360795] ACPI: AC Adapter [AC] (on-line)
[    3.370977] input: Power Button as /devices/LNXSYSTM:00/LNXPWRBN:00/input/input0
[    3.393753] ACPI: Power Button [PWRF]
[    3.402790] input: Sleep Button as /devices/LNXSYSTM:00/LNXSLPBN:00/input/input1
[    3.422674] ACPI: Sleep Button [SLPF]
[    3.431477] GHES: HEST is not enabled!
[    3.434639] ACPI: Battery Slot [BAT0] (battery present)
[    3.458913] isapnp: Scanning for PnP cards...
[    3.459599] Serial: 8250/16550 driver, 32 ports, IRQ sharing enabled
[    3.524794] 00:02: ttyS0 at I/O 0x3f8 (irq = 4, base_baud = 115200) is a 16550A
[    3.539053] Linux agpgart interface v0.103
[    3.578239] loop: module loaded
[    3.594785] scsi host0: ata_piix
[    3.605365] scsi host1: ata_piix
[    3.616895] ata1: PATA max UDMA/33 cmd 0x1f0 ctl 0x3f6 bmdma 0xd000 irq 14
[    3.637200] ata2: PATA max UDMA/33 cmd 0x170 ctl 0x376 bmdma 0xd008 irq 15
[    3.658618] libphy: Fixed MDIO Bus: probed
[    3.669168] tun: Universal TUN/TAP device driver, 1.6
[    3.682202] tun: (C) 1999-2004 Max Krasnyansky <maxk@qualcomm.com>
[    3.698983] PPP generic driver version 2.4.2
[    3.710870] ehci_hcd: USB 2.0 'Enhanced' Host Controller (EHCI) Driver
[    3.727797] ehci-pci: EHCI PCI platform driver
[    3.740213] ehci-platform: EHCI generic platform driver
[    3.755744] ohci_hcd: USB 1.1 'Open' Host Controller (OHCI) Driver
[    3.782020] ohci-pci: OHCI PCI platform driver
[    3.793326] ohci-platform: OHCI generic platform driver
[    3.808490] uhci_hcd: USB Universal Host Controller Interface driver
[    3.823669] i8042: PNP: PS/2 Controller [PNP0303:PS2K,PNP0f03:PS2M] at 0x60,0x64 irq 1,12
[    3.850463] serio: i8042 KBD port at 0x60,0x64 irq 1
[    3.872041] serio: i8042 AUX port at 0x60,0x64 irq 12
[    3.883881] mousedev: PS/2 mouse device common for all mice
[    3.903805] input: AT Translated Set 2 keyboard as /devices/platform/i8042/serio0/input/input2
[    3.927917] rtc_cmos rtc_cmos: rtc core: registered rtc_cmos as rtc0
[    3.945753] rtc_cmos rtc_cmos: alarms up to one day, 114 bytes nvram
[    3.963334] i2c /dev entries driver
[    3.980524] device-mapper: uevent: version 1.0.3
[    4.041627] device-mapper: ioctl: 4.34.0-ioctl (2015-10-28) initialised: dm-devel@redhat.com
[    4.066814] platform eisa.0: Probing EISA bus 0
[    4.079050] platform eisa.0: EISA: Cannot allocate resource for mainboard
[    4.103514] platform eisa.0: Cannot allocate resource for EISA slot 1
[    4.104718] isapnp: No Plug & Play device found
[    4.139496] platform eisa.0: Cannot allocate resource for EISA slot 2
[    4.153298] platform eisa.0: Cannot allocate resource for EISA slot 3
[    4.167555] platform eisa.0: Cannot allocate resource for EISA slot 4
[    4.181753] platform eisa.0: Cannot allocate resource for EISA slot 5
[    4.195710] platform eisa.0: Cannot allocate resource for EISA slot 6
[    4.210358] platform eisa.0: Cannot allocate resource for EISA slot 7
[    4.232424] platform eisa.0: Cannot allocate resource for EISA slot 8
[    4.250369] platform eisa.0: EISA: Detected 0 cards
[    4.264704] cpufreq-nforce2: No nForce2 chipset.
[    4.277932] ledtrig-cpu: registered to indicate activity on CPUs
[    4.342868] NET: Registered protocol family 10
[    4.353954] NET: Registered protocol family 17
[    4.357764] Key type dns_resolver registered
[    4.373608] Using IPI No-Shortcut mode
[    4.385404] registered taskstats version 1
[    4.389211] Loading compiled-in X.509 certificates
[    4.389211] Loaded X.509 cert 'Build time autogenerated kernel key: 20ac0ed02049a72ce76c079ea50dd43d3ac5969c'
[    4.389211] zswap: loaded using pool lzo/zbud
[    4.468842] Key type trusted registered
[    4.499517] Key type encrypted registered
[    4.508619] AppArmor: AppArmor sha1 policy hashing enabled
[    4.519953] ima: No TPM chip found, activating TPM-bypass!
[    4.532290] ima: Allocated hash algorithm: sha1
[    4.543360] evm: HMAC attrs: 0x1
[    4.553067]   Magic number: 5:939:896
[    4.563669] rtc_cmos rtc_cmos: setting system clock to 2021-05-24 17:53:54 UTC (1621878834)
[    4.582081] BIOS EDD facility v0.16 2004-Jun-25, 0 devices found
[    4.595432] EDD information not available.
[    4.609600] Freeing unused kernel memory: 944K
[    4.620328] Write protecting the kernel text: 8156k
[    4.631891] Write protecting the kernel read-only data: 3220k
[    4.635176] NX-protecting the kernel data: 6180k
Loading, please wait...
starting version 229
[    4.724995] random: systemd-udevd: uninitialized urandom read (16 bytes read, 3 bits of entropy available)
[    4.728909] random: udevadm: uninitialized urandom read (16 bytes read, 3 bits of entropy available)
[    4.768791] random: udevadm: uninitialized urandom read (16 bytes read, 3 bits of entropy available)
[    4.768867] random: udevadm: uninitialized urandom read (16 bytes read, 3 bits of entropy available)
[    4.769076] random: udevadm: uninitialized urandom read (16 bytes read, 3 bits of entropy available)
[    4.769155] random: udevadm: uninitialized urandom read (16 bytes read, 3 bits of entropy available)
[    4.769322] random: udevadm: uninitialized urandom read (16 bytes read, 3 bits of entropy available)
[    4.769410] random: udevadm: uninitialized urandom read (16 bytes read, 3 bits of entropy available)
[    4.769484] random: udevadm: uninitialized urandom read (16 bytes read, 3 bits of entropy available)
[    4.769555] random: udevadm: uninitialized urandom read (16 bytes read, 3 bits of entropy available)
[    5.042700] e1000: Intel(R) PRO/1000 Network Driver - version 7.3.21-k8-NAPI
[    5.058234] e1000: Copyright (c) 1999-2006 Intel Corporation.
[    5.086622] Fusion MPT base driver 3.04.20
[    5.097429] Copyright (c) 1999-2008 LSI Corporation
[    5.185430] Fusion MPT SPI Host driver 3.04.20
[    5.387773] input: ImExPS/2 Generic Explorer Mouse as /devices/platform/i8042/serio1/input/input4
[    6.838597] e1000 0000:00:03.0 eth0: (PCI:33MHz:32-bit) 02:59:37:6a:c2:2f
[    6.857516] e1000 0000:00:03.0 eth0: Intel(R) PRO/1000 Network Connection
[    6.877574] mptbase: ioc0: Initiating bringup
[    6.879547] e1000 0000:00:03.0 enp0s3: renamed from eth0
[    7.708376] ioc0: LSI53C1030 A0: Capabilities={Initiator}
[    7.955186] scsi host2: ioc0: LSI53C1030 A0, FwRev=00000000h, Ports=1, MaxQ=256, IRQ=20
[    8.119119] scsi 2:0:0:0: Direct-Access     VBOX     HARDDISK         1.0  PQ: 0 ANSI: 5
[    8.135901] scsi target2:0:0: Beginning Domain Validation
[    8.174213] scsi target2:0:0: Domain Validation skipping write tests
[    8.187616] scsi target2:0:0: Ending Domain Validation
[    8.200007] scsi target2:0:0: asynchronous
[    8.215112] scsi 2:0:1:0: Direct-Access     VBOX     HARDDISK         1.0  PQ: 0 ANSI: 5
[    8.237056] scsi target2:0:1: Beginning Domain Validation
[    8.273815] scsi target2:0:1: Domain Validation skipping write tests
[    8.286556] scsi target2:0:1: Ending Domain Validation
[    8.298876] scsi target2:0:1: asynchronous
[    8.379916] sd 2:0:0:0: Attached scsi generic sg0 type 0
[    8.394447] sd 2:0:0:0: [sda] 83886080 512-byte logical blocks: (42.9 GB/40.0 GiB)
[    8.395678] sd 2:0:1:0: Attached scsi generic sg1 type 0
[    8.398213] sd 2:0:1:0: [sdb] 20480 512-byte logical blocks: (10.5 MB/10.0 MiB)
[    8.400816] sd 2:0:1:0: [sdb] Write Protect is off
[    8.402276] sd 2:0:1:0: [sdb] Incomplete mode parameter data
[    8.402282] sd 2:0:1:0: [sdb] Assuming drive cache: write through
[    8.422880] sd 2:0:1:0: [sdb] Attached SCSI disk
[    8.510895] sd 2:0:0:0: [sda] Write Protect is off
[    8.524005] sd 2:0:0:0: [sda] Incomplete mode parameter data
[    8.535912] sd 2:0:0:0: [sda] Assuming drive cache: write through
[    8.576394]  sda: sda1
[    8.591529] sd 2:0:0:0: [sda] Attached SCSI disk
Begin: Loading essential drivers ... [   11.247824] md: linear personality registered for level -1
[   11.270762] md: multipath personality registered for level -4
[   11.294786] md: raid0 personality registered for level 0
[   11.351543] md: raid1 personality registered for level 1
[   11.751482] raid6: mmxx1    gen() 25679 MB/s
[   12.753215] raid6: mmxx2    gen() 71074 MB/s
[   14.757122] raid6: sse1x1   gen() 60010 MB/s
[   16.755872] raid6: sse1x2   gen() 74016 MB/s
[   17.751128] raid6: sse2x1   gen() 119712 MB/s
[   17.832589] raid6: sse2x1   xor()  5293 MB/s
[   17.918524] raid6: sse2x2   gen()  7994 MB/s
[   17.993800] raid6: sse2x2   xor()  4823 MB/s
[   18.002765] raid6: using algorithm sse2x1 gen() 119712 MB/s
[   18.013827] raid6: .... xor() 5293 MB/s, rmw enabled
[   18.024660] raid6: using ssse3x1 recovery algorithm
[   18.049342] xor: measuring software checksum speed
[   18.096978]    pIII_sse  : 14946.000 MB/sec
[   18.152744]    prefetch64-sse: 13609.000 MB/sec
[   18.162924] xor: using function: pIII_sse (14946.000 MB/sec)
[   18.182695] async_tx: api initialized (async)
[   18.312839] md: raid6 personality registered for level 6
[   18.324951] md: raid5 personality registered for level 5
[   18.337319] md: raid4 personality registered for level 4
[   18.408941] md: raid10 personality registered for level 10
done.
Begin: Running /scripts/init-premount ... done.
Begin: Mounting root file system ... Begin: Running /scripts/local-top ... done.
Begin: Running /scripts/local-premount ... [   18.620186] Btrfs loaded
Scanning for Btrfs filesystems
done.
Warning: fsck not present, so skipping root file system
[   18.872574] EXT4-fs (sda1): INFO: recovery required on readonly filesystem
[   18.885757] EXT4-fs (sda1): write access will be enabled during recovery
[   19.499025] random: nonblocking pool is initialized
[   19.735174] EXT4-fs (sda1): recovery complete
[   19.745816] EXT4-fs (sda1): mounted filesystem with ordered data mode. Opts: (null)
done.
Begin: Running /scripts/local-bottom ... done.
Begin: Running /scripts/init-bottom ... done.
[   20.779961] systemd[1]: systemd 229 running in system mode. (+PAM +AUDIT +SELINUX +IMA +APPARMOR +SMACK +SYSVINIT +UTMP +LIBCRYPTSETUP +GCRYPT +GNUTLS +ACL +XZ -LZ4 +SECCOMP +BLKID +ELFUTILS +KMOD -IDN)
[   20.814195] systemd[1]: Detected virtualization oracle.
[   20.827616] systemd[1]: Detected architecture x86.

Welcome to [1mUbuntu 16.04.7 LTS[0m!

[   20.908769] systemd[1]: Set hostname to <ubuntu-xenial>.
[   21.862026] systemd[1]: Listening on Journal Socket (/dev/log).
[[0;32m  OK  [0m] Listening on Journal Socket (/dev/log).
[   21.881260] systemd[1]: Listening on fsck to fsckd communication Socket.
[[0;32m  OK  [0m] Listening on fsck to fsckd communication Socket.
[   21.910913] systemd[1]: Listening on LVM2 poll daemon socket.
[[0;32m  OK  [0m] Listening on LVM2 poll daemon socket.
[   21.933952] systemd[1]: Listening on udev Control Socket.
[[0;32m  OK  [0m] Listening on udev Control Socket.
[   21.962292] systemd[1]: Started Forward Password Requests to Wall Directory Watch.
[[0;32m  OK  [0m] Started Forward Password Requests to Wall Directory Watch.
[   21.986188] systemd[1]: Listening on Syslog Socket.
[[0;32m  OK  [0m] Listening on Syslog Socket.
[   22.004529] systemd[1]: Listening on Device-mapper event daemon FIFOs.
[[0;32m  OK  [0m] Listening on Device-mapper event daemon FIFOs.
[   22.025959] systemd[1]: Listening on Journal Socket.
[[0;32m  OK  [0m] Listening on Journal Socket.
[   22.044055] systemd[1]: Created slice User and Session Slice.
[[0;32m  OK  [0m] Created slice User and Session Slice.
[   22.064069] systemd[1]: Started Trigger resolvconf update for networkd DNS.
[[0;32m  OK  [0m] Started Trigger resolvconf update for networkd DNS.
[   22.086523] systemd[1]: Reached target Encrypted Volumes.
[[0;32m  OK  [0m] Reached target Encrypted Volumes.
[   22.105954] systemd[1]: Reached target Swap.
[[0;32m  OK  [0m] Reached target Swap.
[   22.122587] systemd[1]: Reached target User and Group Name Lookups.
[[0;32m  OK  [0m] Reached target User and Group Name Lookups.
[   22.144122] systemd[1]: Reached target System Time Synchronized.
[[0;32m  OK  [0m] Reached target System Time Synchronized.
[   22.164135] systemd[1]: Listening on udev Kernel Socket.
[[0;32m  OK  [0m] Listening on udev Kernel Socket.
[   22.183308] systemd[1]: Listening on LVM2 metadata daemon socket.
[[0;32m  OK  [0m] Listening on LVM2 metadata daemon socket.
[   22.205199] systemd[1]: Set up automount Arbitrary Executable File Formats File System Automount Point.
[[0;32m  OK  [0m] Set up automount Arbitrary Executab...ats File System Automount Point.
[   22.232298] systemd[1]: Listening on /dev/initctl Compatibility Named Pipe.
[[0;32m  OK  [0m] Listening on /dev/initctl Compatibility Named Pipe.
[   22.265530] systemd[1]: Listening on Journal Audit Socket.
[[0;32m  OK  [0m] Listening on Journal Audit Socket.
[   22.285281] systemd[1]: Created slice System Slice.
[[0;32m  OK  [0m] Created slice System Slice.
[   22.312369] systemd[1]: Mounting Debug File System...
         Mounting Debug File System...
[   22.359627] systemd[1]: Reached target Slices.
[[0;32m  OK  [0m] Reached target Slices.
[   22.388744] systemd[1]: Starting File System Check on Root Device...
         Starting File System Check on Root Device...
[   22.417079] systemd[1]: Mounting POSIX Message Queue File System...
         Mounting POSIX Message Queue File System...
[   22.460419] systemd[1]: Mounting Huge Pages File System...
         Mounting Huge Pages File System...
[   22.493988] systemd[1]: Starting Load Kernel Modules...
         Starting Load Kernel Modules...
[   22.518081] systemd[1]: Starting Set console keymap...
         Starting Set console keymap...
[   22.540037] systemd[1]: Starting Journal Service...
         Starting Journal Service...
[   22.562792] systemd[1]: Starting Monitoring of LVM2 mirrors, snapshots etc. using dmeventd or progress polling...
         Starting Monitoring of LVM2 mirrors... dmeventd or progress polling...
[   22.605988] systemd[1]: Starting Nameserver information manager...
         Starting Nameserver information manager...
[   22.654979] Loading iSCSI transport class v2.0-870.
[   22.657673] systemd[1]: Starting Uncomplicated firewall...
         Starting Uncomplicated firewall...
[   22.738330] systemd[1]: Created slice system-serial\x2dgetty.slice.
[[0;32m  OK  [0m] Created slice system-serial\x2dgetty.slice.
[   22.802092] systemd[1]: Starting Create list of required static device nodes for the current kernel...
         Starting Create list of required st... nodes for the current kernel...
[   22.877203] systemd[1]: Mounted Debug File System.
[[0;32m  OK  [0m] [   22.903452] iscsi: registered transport (tcp)
Mounted Debug File System.
[   22.914890] systemd[1]: Mounted Huge Pages File System.
[[0;32m  OK  [0m] Mounted Huge Pages File System.
[   22.948627] systemd[1]: Mounted POSIX Message Queue File System.
[[0;32m  OK  [0m] Mounted POSIX Message Queue File System.
[   22.983938] systemd[1]: Started Journal Service.
[[0;32m  OK  [0m] Started Journal Service.
[[0;32m  OK  [0m] Started File System Check on Root Device.
[[0;32m  OK  [0m] Started Set console keymap.
[[0;32m  OK  [0m] Started Uncomplicated firewall.
[[0;32m  OK  [0m] Started Create list of required sta...ce nodes for the current kernel.
[[0;32m  OK  [0m] Started Nameserver information manager.
[[0;32m  OK  [0m[   23.198226] iscsi: registered transport (iser)
] Started LVM2 metadata daemon.
[[0;32m  OK  [0m] Started File System Check Daemon to report status.
         Starting Create Static Device Nodes in /dev...
         Starting Remount Root and Kernel File Systems...
[[0;32m  OK  [0[   23.302144] EXT4-fs (sda1): re-mounted. Opts: (null)
m] Started Load Kernel Modules.
[[0;32m  OK  [0m] Started Remount Root and Kernel File Systems.
         Starting Load/Save Random Seed...
         Starting Flush Journal to Persistent Storage...
         Starting udev Coldplug all Devices...
         Mounting FUSE Control File System...
         Starting Apply Kernel Variables...
[[0;32m  OK  [0m] Mounted FUSE Control File System.
[[0;32m  OK  [0m] Started Load/Save Random Seed.
[   23.550163] systemd-journald[370]: Received request to flush runtime journal from PID 1
[[0;32m  OK  [0m] Started Flush Journal to Persistent Storage.
[[0;32m  OK  [0m] Started Apply Kernel Variables.
[[0;32m  OK  [0m] Started Create Static Device Nodes in /dev.
[[0;32m  OK  [0m] Started Monitoring of LVM2 mirrors,...ng dmeventd or progress polling.
         Starting udev Kernel Device Manager...
[[0;32m  OK  [0m] Reached target Local File Systems (Pre).
[[0;32m  OK  [0m] Reached target Local File Systems.
         Starting Set console font and keymap...
         Starting Tell Plymouth To Write Out Runtime Data...
         Starting Create Volatile Files and Directories...
         Starting Initial cloud-init job (pre-networking)...
         Starting LSB: AppArmor initialization...
[[0;32m  OK  [0m] Started udev Kernel Device Manager.
[[0;32m  OK  [0m] Started udev Coldplug all Devices.
[[0;32m  OK  [0m] Started Tell Plymouth To Write Out Runtime Data.
[[0;32m  OK  [0m] Started Create Volatile Files and Directories.
         Starting Update UTMP about System Boot/Shutdown...
[[0;32m  OK  [0m] Started Dispatch Password Requests to Console Directory Watch.
[[0;32m  OK  [0m] Started Update UTMP about System Boot/Shutdown.
[[0;32m  OK  [0m] Found device /dev/ttyS0.
[[0;32m  OK  [0m] Listening on Load/Save RF Kill Switch Status /dev/rfkill Watch.
[[0;32m  OK  [0m] Found device 82540EM Gigabit Ethern...r (PRO/1000 MT Desktop Adapter).
[[0;32m  OK  [0m] Started LSB: AppArmor initialization.
         Starting Load AppArmor profiles managed internally by snapd...
[[0;32m  OK  [0m] Started Load AppArmor profiles managed internally by snapd.
[   31.314617] cloud-init[473]: Cloud-init v. 21.1-19-gbad84ad4-0ubuntu1~16.04.2 running 'init-local' at Mon, 24 May 2021 17:54:19 +0000. Up 29.98 seconds.
[[0;32m  OK  [0m] Started Set console font and keymap.
[[0;32m  OK  [0m] Created slice system-getty.slice.
[[0;32m  OK  [0m] Started Initial cloud-init job (pre-networking).
[[0;32m  OK  [0m] Reached target Network (Pre).
         Starting Raise network interfaces...
[[0;32m  OK  [0m] Started ifup for enp0s3.
[[0;32m  OK  [0m] Started Raise network interfaces.
         Starting Initial cloud-init job (metadata service crawler)...
[[0;32m  OK  [0m] Reached target Network.
[   37.723642] cloud-init[961]: Cloud-init v. 21.1-19-gbad84ad4-0ubuntu1~16.04.2 running 'init' at Mon, 24 May 2021 17:54:22 +0000. Up 33.03 seconds.
[   37.750037] cloud-init[961]: ci-info: ++++++++++++++++++++++++++++++++++++++Net device info++++++++++++++++++++++++++++++++++++++
[   37.775111] cloud-init[961]: ci-info: +--------+------+----------------------------+---------------+--------+-------------------+
[   37.797814] cloud-init[961]: ci-info: | Device |  Up  |          Address           |      Mask     | Scope  |     Hw-Address    |
[   37.822283] cloud-init[961]: ci-info: +--------+------+----------------------------+---------------+--------+-------------------+
[   37.845042] cloud-init[961]: ci-info: | enp0s3 | True |         10.0.2.15          | 255.255.255.0 | global | 02:59:37:6a:c2:2f |
[[0;32m  OK  [0m] Started Initial cloud-init job (metadata service crawler).
[   37.874224] cloud-init[961]: ci-info: | enp0s3 | True | fe80::59:37ff:fe6a:c22f/64 |       .       |  link  | 02:59:37:6a:c2:2f |
[[0;32m  OK  [0m] Reached target System Initialization.
[   37.909543] [[0;32m  OK  [0m] Listening on D-Bus System Message Bus Socket.
cloud-init[961]: ci-info: |   lo   | True |         127.0.0.1          |   255.0.0.0   |  host  |         .         |
[   37.939836] cloud-init[961]: ci-info: |   lo   | True |          ::1/128           |       .       |  host  |         .         |
[   37.967036] cloud-init[961]: ci-info: +--------+------+----------------------------+---------------+--------+-------------------+
[   37.996841] cloud-init[961]: ci-info: +++++++++++++++++++++++++++Route IPv4 info++++++++++++++++++++++++++++
[[0;32m  OK  [0m] Started Message of the Day.
[   38.021703]          Starting Socket activation for snappy daemon.
cloud-init[961]: ci-info: +-------+-------------+----------+---------------+-----------+-------+
         Starting LXD - unix socket.
[   38.051081] cloud-init[961]: ci-info: | Route | Destination | Gateway  |    Genmask    | Interface | Flags |
[[0;32m  OK  [0m] Listening on ACPID Listen Socket.
[   38.079243] cloud-init[961]: ci-info: +-------+-------------+----------+---------------+-----------+-------+
[[0;32m  OK  [0m] Listening on UUID daemon activation socket.
[[0;32m  OK  [0m] Started Daily apt download activities.
[[0;32m  OK  [0m] Started Daily apt upgrade and clean activities.
[   38.100139] cloud-init[961]: ci-info: |   0   |   0.0.0.0   | 10.0.2.2 |    0.0.0.0    |   enp0s3  |   UG  |
[[0;32m  OK  [0m] Started ACPI Events Check.
[   38.141512] cloud-init[961]: ci-info: |   1   |   10.0.2.0  | 0.0.0.0  | 255.255.255.0 |   enp0s3  |   U   |
[[0;32m  OK  [0m] Reached target Paths.
[   38.169761] cloud-init[961]: ci-info: +-------+-------------+----------+---------------+-----------+-------+
[   38.193041] cloud-init[961]: ci-info: +++++++++++++++++++Route IPv6 info+++++++++++++++++++
[[0;32m  OK  [0m] Started Daily Cleanup of Temporary Directories.
[   38.217429] [[0;32m  OK  [0m] Reached target Timers.
[[0;32m  OK  [0m] Reached target Network is Online.
cloud-init[961]: ci-info: +-------+-------------+---------+-----------+-------+
[   38.247532] cloud-init[961]: ci-info: | Route | Destination | Gateway | Interface | Flags |
[   38.269479]          Starting iSCSI initiator daemon (iscsid)...
[[0;32m  OK  [0m] Reached target Cloud-config availability.
[[0;32m  OK  [0m] Listening on Socket activation for snappy daemon.
[[0;32m  OK  [0m] Listening on LXD - unix socket.
[[0;32m  OK  [0m] Reached target Sockets.
[[0;32m  OK  [0m] Reached target Basic System.
         Starting System Logging Service...
cloud-init[961]: ci-info: +-------+-------------+---------+-----------+-------+
[   38.316804] cloud-init         Starting LSB: Record successful boot for GRUB...
[961]: ci-info: |   0   |  fe80::/64  |    ::   |   enp0s3  |   U   |
[[0;32m  OK  [0m] Started Regular background program processing daemon.
[   38.355804] cloud-init[961]: ci-info: |   4   |   ff00::/8  |    ::   |   enp0s3  |   U   |
[   38.371406] cloud-init[961]: ci-info: +-------+-------------+---------+-----------+-------+
         Starting LSB: MD monitoring daemon...
[[0;32m  OK  [0m] Started Deferred execution scheduler.
[[0;32m  OK  [0m] Started FUSE filesystem for LXC.
         Starting /etc/rc.local Compatibility...
         Starting Login Service...
         Starting OpenBSD Secure Shell server...
[[0;32m  OK  [0m] Started An object/document-oriented database.
         Starting LXD - container startup/shutdown...
         Starting Accounts Service...
         Starting Virtualbox guest utils...
         Starting Advanced key-value store...
[[0;32m  OK  [0m] Started ACPI event daemon.
         Starting Snap Daemon...
[[0;32m  OK  [0m] Started D-Bus System Message Bus.
[[0;32m  OK  [0m] Started System Logging Service.
[[0;32m  OK  [0m] Started /etc/rc.local Compatibility.
[[0;32m  OK  [0m] Started OpenBSD Secure Shell server.
[[0;32m  OK  [0m] Started iSCSI initiator daemon (iscsid).
         Starting Login to default iSCSI targets...
[[0;32m  OK  [0m] Started Login Service.
[[0;32m  OK  [0m] Started Unattended Upgrades Shutdown.
[[0;32m  OK  [0m] Started LSB: Record successful boot for GRUB.
[[0;32m  OK  [0m] Started LSB: MD monitoring daemon.
         Starting Authenticate and Authorize Users to Run Privileged Tasks...
[[0;32m  OK  [0m] Started Advanced key-value store.
[[0;32m  OK  [0m] Started Authenticate and Authorize Users to Run Privileged Tasks.
[[0;32m  OK  [0m] Started Login to default iSCSI targets.
[[0;32m  OK  [0m] Started Accounts Service.
[[0;32m  OK  [0m] Reached target Remote File Systems (Pre).
         Mounting /vagrant...
         Mounting /home/vagrant/app...
[[0;32m  OK  [0m] Mounted /home/vagrant/app.
[[0;32m  OK  [0m] Mounted /vagrant.
[[0;32m  OK  [0m] Reached target Remote File Systems.
         Starting LSB: daemon to balance interrupts for SMP systems...
         Starting LSB: Set the CPU Frequency Scaling governor to "ondemand"...
         Starting LSB: automatic crash report generation...
         Starting Permit User Sessions...
[[0;32m  OK  [0m] Started Virtualbox guest utils.
[[0;32m  OK  [0m] Started Permit User Sessions.
         Starting Terminate Plymouth Boot Screen...
         Starting Hold until boot process finishes up...
[[0;32m  OK  [0m] Started LSB: Set the CPU Frequency Scaling governor to "ondemand".
[[0;32m  OK  [0m] Started Terminate Plymouth Boot Screen.
[[0;32m  OK  [0m] Started Hold until boot process finishes up.
[[0;32m  OK  [0m] Started Getty on tty1.
[[0;32m  OK  [0m] Started Serial Getty on ttyS0.
[[0;32m  OK  [0m] Reached target Login Prompts.
         Starting Set console scheme...
[[0;32m  OK  [0m] Started LSB: daemon to balance interrupts for SMP systems.
[[0;32m  OK  [0m] Started LXD - container startup/shutdown.
[[0;32m  OK  [0m] Started Set console scheme.
[[0;32m  OK  [0m] Started LSB: automatic crash report generation.
[[0;32m  OK  [0m] Started Snap Daemon.
         Starting Wait until snapd is fully seeded...
[[0;32m  OK  [0m] Started Wait until snapd is fully seeded.
         Starting Apply the settings specified in cloud-config...
[[0;32m  OK  [0m] Reached target Multi-User System.
[[0;32m  OK  [0m] Reached target Graphical Interface.
         Starting Update UTMP about System Runlevel Changes...
[[0;32m  OK  [0m] Started Update UTMP about System Runlevel Changes.
[   45.458535] cloud-init[1250]: Cloud-init v. 21.1-19-gbad84ad4-0ubuntu1~16.04.2 running 'modules:config' at Mon, 24 May 2021 17:54:34 +0000. Up 44.86 seconds.
[[0;32m  OK  [0m] Started Apply the settings specified in cloud-config.
         Starting Execute cloud user/final scripts...
[   46.932572] cloud-init[1275]: Cloud-init v. 21.1-19-gbad84ad4-0ubuntu1~16.04.2 running 'modules:final' at Mon, 24 May 2021 17:54:36 +0000. Up 46.48 seconds.
[   46.967402] cloud-init[1275]: Cloud-init v. 21.1-19-gbad84ad4-0ubuntu1~16.04.2 finished at Mon, 24 May 2021 17:54:36 +0000. Datasource DataSourceNoCloud [seed=/dev/sdb][dsmode=net].  Up 46.90 seconds

Ubuntu 16.04.7 LTS ubuntu-xenial ttyS0

ubuntu-xenial login: 